Field created: 
ID: F1
Type: Field
Neighbours: null

Virologist created:
ID: V1
Field: F1
Backpack: B1

Virologist created:
ID: V2
Field: F1
Backpack: B2

Agent created:
ID: A1
Type: virus
GeneticCode: paralyze
Virologist: V1
Result: Successful

Agent created:
ID: A2
Type: virus
GeneticCode: dance
Virologist: V1
Result: Successful

V1â€™s turn started.

Agent used on Virologist:
Agent: A1
Virologist: V1
Target: V1
Result: Successful

Agent used on Virologist:
Agent: A2
Virologist: V1
Target: V2
Result: Failed
