Field created:
ID: F1
Type: Field
Neighbours: null

Virologist created:
ID: V1
Field: F1
Backpack: B1

Virologist created:
ID: V2
Field: F1
Backpack: B2

Agent created:
ID: A1
Type: virus
GeneticCode: bear
Virologist: V1
Result: Successful

Agent created:
ID: A2
Type: vaccine
GeneticCode: bear
Virologist: V2
Result: Successful

V2's turn started.

Agent used on virologist:
Agent: A2
Virologist: V2
Target: V2
Result: Failed

V1's turn started.

Agent used on virologist:
Agent: A1
Virologist: V1
Target: V2
Result: Failed
