Field created:
ID: SA1
Type: Safehouse
Neighbours: null

Equipment created:
ID: E1 
Type: Axe
Destination: SA1
Result: Successful


Virologist created:
ID: V1
Field: SA1
Backpack: B1

V1â€™s turn started.

  Virologist searched:
Field: SA1
Type: Safehouse
Neighbours: null
Virologists: V1
GeneticCodes: null
Equipments: E1
Elements: null

Equipment added to inventory:
Virologist: V1
Equipment: E1
Field: SA1
Result: Successful
