Field created: 
ID: SA1
Type: SafeHouse
Neighbours: null

Virologist created:
ID: V1
Field: SA1
Backpack: B1

Equipment created:
ID: E1 
Type: cloak
Destination: V1
Result: Successful

V1â€™s turn started.

Equipment dropped:
Virologist: V1
Equipment: E1
Field: SA1
