Field created: 
ID: SA1
Type: SafeHouse
Neighbours: null

Virologist created:
ID: V1
Field: SA1
Backpack: B1

Equipment created:
ID: E1
Type: glove
Destination: V1
Result: Successful

Equipment created:
ID: E2 
Type: cloak
Destination: V1
Result: Successful

Equipment created:
ID: E3 
Type: bag
Destination: V1
Result: Successful

Equipment created:
ID: E4 
Type: axe
Destination: V1
Result: Successful

V1â€™s turn started.

Equipment toggled on Virologist:
Equipment: E1
Virologist: V1
Inf: wear

Equipment toggled on Virologist:
Equipment: E2
Virologist: V1
Inf: wear

Equipment toggled on Virologist:
Equipment: E3
Virologist: V1
Inf: wear

Equipment toggled on Virologist:
Equipment: E4
Virologist: V1
Inf: unwear
