Field created:
ID: SA1
Type: Safehouse
Neighbours: null

Virologist created:
ID: V1
Field: SA1
Backpack: B1

Equipment created:
ID: E1
Type: cloak
Destination: V1
Result: Successful

V1's turn started.

Equipment toggled on Virologist:
Equipment: E1
Virologist: V1
Inf: wear


Field created:
ID: SA2
Type: Safehouse
Neighbours: SA1

Virologist created:
ID: V2
Field: SA2
Backpack: B2

Agent created:
ID: A1
Type: virus
GeneticCode: bear
Virologist: V2
Result: Successful

V2's turn started.

Agent used on virologist:
Agent: A1
Virologist: V2
Target: V2
Result: Successful


Field created:
ID: ST1
Type: Storehouse
Neighbours: SA1, SA2

Virologist created:
ID: V3
Field: ST1
Backpack: B3

Elements created:
ID: EB4
Nucleotide: 10
AminoAcid: 10
NucleotideSize: 10
AminoAcidSize: 10
Destination: ST1

Equipment created:
ID: E2
Type: gloves
Destination: V3
Result: Successful

V3's turn started.

Equipment toggled on Virologist:
Equipment: E2
Virologist: V3
Inf: unwear


Field created:
ID: ST2
Type: Storehouse
Neighbours: SA1, SA2

Elements created:
ID: EB5
Nucleotide: 10
AminoAcid: 10
NucleotideSize: 10
AminoAcidSize: 10
Destination: ST2


V1's turn started.

Virologist moved:
Virologist: V1
Origin: SA1
Destination: ST2


Random behaviour changed:
yesOrNoType: True
choiceType: Random


