Field created:
ID: SA1
Type: Safehouse
Neighbours: null

Virologist created:
ID: V1
Field: SA1
Backpack: B1

Elements created:
ID: EB2
Nucleotide: 10
AminoAcid: 10
NucleotideSize: 20
AminoAcidSize: 20
Destination: V1

GeneticCode created:
ID: GC1
Type: amnesia
Destination: V1

V1's turn started.

Agent crafted:
ID:A1
Type: vaccine
GeneticCode: amnesia
Result: Successful

Agent used on virologist:
Agent: A1
Virologist: V1
Target: V1
Result: Successful
