Field created:
ID: SA1
Type: Safehouse
Neighbours: null

Virologist created:
ID: V1
Field: SA1
Backpack: B1

Equipment created:
ID: E1
Type: bag
Destination: V1
Result: Successful

Agent created:
ID: A1
Type: virus
GeneticCode: paralyze
Virologist: V1
Result: Successful

V1's turn started.

Agent used on virologist:
Agent: A1
Virologist: V1
Target: V1
Result: Successful

Equipment toggled on Virologist:
Equipment: E1
Virologist: V1
Inf: unwear
