Field created:
ID: F1
Type: Field
Neighbours: null

Field created:
ID: F2
Type: Field
Neighbours: F1

Field created:
ID: F3
Type: Field
Neighbours: F1

Virologist created:
ID: V1
Field: F1
Backpack: B1

Agent created:
ID: A1
Type: Virus
GeneticCode: Dance
Virologist: V1
Result: successful

Random behaviour changed:
yesOrNoType: Random
choiceType: 2

V1â€™s turn started.

Agent used on Virologist:
Agent: A1
Virologist: V1
Target: V1
Result: successful

Virologist moved:
Virologist: V1
Origin: F1
Destination: F2
