Field created:
ID: SA1
Type: Safehouse
Neighbours: null

Virologist created:
ID: V1
Field: SA1
Backpack: B1

Virologist created:
ID: V2
Field: SA1
Backpack: B2

Virologist created:
ID: V3
Field: SA1
Backpack: B3

Equipment created:
ID: E1
Type: axe
Destination: V1
Result: Successful

V1's turn started.

Equipment toggled on Virologist:
Equipment: E1
Virologist: V1
Inf: wear

Equipment used on Virologist:
Equipment:E1
Virologist: V1
Target: V2
Result: Successful
Inf: Last usage!

Equipment used on Virologist:
Equipment:E1
Virologist: V1
Target: V3
Result: Failed
