Field created:
ID: L1
Type: Laboratory
Neighbours: null

Field created:
ID: SA1
Type: SafeHouse
Neighbours: L1

Virologist created:
ID: V1
Field: SA1
Backpack: B1

GeneticCode created:
ID: GC1
Type: Bear
Destination: L1

Equipment created:
ID: E1
Type: Cloak
Destination: V1
Result: successful

Random behavior changed:
yesOrNoType: False
choiceType: random

V1â€™s turn started.

Equipment toggled on Virologist:
Equipment: E1
Virologist: V1
Inf: wear

Virologist moved: 
Virologist: V1
Origin: SA1
Destination: L1

Agent created:
ID: A1
Type: virus
GeneticCode: Bear
Virologist: V1
Result: successful

Agent used on Virologist:
Agent: A1
Virologist: V1
Target: V1
Result: successful
