Field created:
ID: ST1
Type: Storehouse
Neighbours: null

Elements created:
ID: EB1
Nucleotide: 20
AminoAcid: 20
NucleotideSize: 100
AminoAcidSize: 100
Destination: ST1

Virologist created:
ID: V1
Field: ST1
Backpack: B1

Elements created:
ID: EB3
Nucleotide: 20
AminoAcid: 20
NucleotideSize: 20
AminoAcidSize: 20
Destination: V1

V1â€™s turn started.

  Virologist searched:
Field: ST1
Type: Storehouse
Neighbours: null
Virologists: V1
GeneticCodes: null
Equipments: null
Elements: EB1

Material picked up:
Field: ST1
Nucleotide: 0
AminoAcid: 0
Virologist: V1
