Field created:
ID: F1
Type: Field
Neighbours: null

Field created:
ID: F2
Type: Field
Neighbours: F1

Virologist created:
ID: V1
Field: F1
Backpack: B1

V1â€™s turn started.

Virologist moved: 
Virologist: V1
Origin: F1
Destination: F2
